// Jest Snapshot v1, https://goo.gl/fbAQLP

exports[`Flex Direction Render 1`] = `
<View
  style={
    Object {
      "flex": 1,
      "flexDirection": "row",
    }
  }
>
  <View
    style={
      Object {
        "backgroundColor": "powderblue",
        "height": 50,
        "width": 50,
      }
    }
  />
  <View
    style={
      Object {
        "backgroundColor": "skyblue",
        "height": 50,
        "width": 50,
      }
    }
  />
  <View
    style={
      Object {
        "backgroundColor": "green",
        "height": 50,
        "width": 50,
      }
    }
  />
</View>
`;
